
> @irth/api@0.0.0 dev /app/apps/api
> wrangler dev


 ⛅️ wrangler 3.114.17 (update available 4.93.0)
-----------------------------------------------

[33m▲ [43;33m[[43;30mWARNING[43;33m][0m [1mThe version of Wrangler you are using is now out-of-date.[0m

  Please update to the latest version to prevent critical errors.
  Run `npm install --save-dev wrangler@4` to update to the latest version.
  After installation, run Wrangler with `npx wrangler`.


Your Worker and resources are simulated locally via Miniflare. For more information, see: https://developers.cloudflare.com/workers/testing/local-development.

Your worker has access to the following bindings:
- R2 Buckets:
  - R2: irth-assets [simulated locally]
- Vars:
  - NODE_ENV: "production"
[wrangler:inf] Ready on http://localhost:8787
⎔ Starting local server...
[31m✘ [41;31m[[41;97mERROR[41;31m][0m [1mservice core:user:irth-api: Uncaught ReferenceError: process is not defined[0m


[31m✘ [41;31m[[41;97mERROR[41;31m][0m [1m  at index.js:65874:10[0m



[31m✘ [41;31m[[41;97mERROR[41;31m][0m [1mThe Workers runtime failed to start. There is likely additional logging output above.[0m


[32mIf you think this is a bug then please create an issue at https://github.com/cloudflare/workers-sdk/issues/new/choose[0m
Note that there is a newer version of Wrangler available (4.93.0). Consider checking whether upgrading resolves this error.
? Would you like to report this error to Cloudflare? Wrangler's output and the error details will be shared with the Wrangler team to help us diagnose and fix the issue.
🤖 Using fallback value in non-interactive context: no

Cloudflare collects anonymous telemetry about your usage of Wrangler. Learn more at https://github.com/cloudflare/workers-sdk/tree/main/packages/wrangler/telemetry.md
🪵  Logs were written to "/home/jules/.config/.wrangler/logs/wrangler-2026-05-20_14-54-41_564.log"
 ELIFECYCLE  Command failed with exit code 1.
